âžœ  Database Course psql -h localhost -p 5432 -U postgres -d postgres
Password for user postgres: 
psql (14.18 (Ubuntu 14.18-0ubuntu0.22.04.1))
SSL connection (protocol: TLSv1.3, cipher: TLS_AES_256_GCM_SHA384, bits: 256, compression: off)
Type "help" for help.

postgres=# \l
                                    List of databases
     Name      |  Owner   | Encoding |   Collate   |    Ctype    |   Access privileges   
---------------+----------+----------+-------------+-------------+-----------------------
 database_name | postgres | UTF8     | en_US.UTF-8 | en_US.UTF-8 | 
 postgres      | postgres | UTF8     | en_US.UTF-8 | en_US.UTF-8 | 
 template0     | postgres | UTF8     | en_US.UTF-8 | en_US.UTF-8 | =c/postgres          +
               |          |          |             |             | postgres=CTc/postgres
 template1     | postgres | UTF8     | en_US.UTF-8 | en_US.UTF-8 | =c/postgres          +
               |          |          |             |             | postgres=CTc/postgres
 university    | postgres | UTF8     | en_US.UTF-8 | en_US.UTF-8 | 
(5 rows)

postgres=# \d
               List of relations
 Schema |      Name       |   Type   |  Owner   
--------+-----------------+----------+----------
 public | students        | table    | postgres
 public | students_id_seq | sequence | postgres
(2 rows)

postgres=# DROP TABLE students;
DROP TABLE
postgres=# CREATE TABLE students (
    student_id SERIAL PRIMARY KEY,
    first_name VARCHAR(50) NOT NULL,
    last_name VARCHAR(50) NOT NULL,
    email VARCHAR(100) UNIQUE NOT NULL,
    faculty VARCHAR(100)
);
CREATE TABLE
postgres=# DROP TABLE test_table;
ERROR:  table "test_table" does not exist
postgres=# DROP TABLE IF EXISTS test_table;

NOTICE:  table "test_table" does not exist, skipping
DROP TABLE
postgres=# ALTER TABLE students ADD COLUMN date_of_birth DATE;
ALTER TABLE
postgres=# ALTER TABLE students ALTER COLUMN first_name TYPE TEXT;
ALTER TABLE
postgres=# ALTER TABLE students ADD CONSTRAINT unique_student_email UNIQUE (email);
ALTER TABLE
postgres=# ALTER TABLE students RENAME COLUMN email TO email_address;
ALTER TABLE
postgres=# ALTER TABLE students RENAME TO university_students;
ALTER TABLE
postgres=# 

